---
http_interactions:
- request:
    method: get
    uri: http://api.brightbox.dev/1.0/account
    body:
      encoding: US-ASCII
      string: ''
    headers:
      User-Agent:
      - fog/1.15.0
      Authorization:
      - OAuth 63a4f6dbf53263e7468d3084ae9c50ecdcdf1714
      Content-Type:
      - application/json
  response:
    status:
      code: 200
      message: 
    headers:
      Content-Type:
      - application/json; charset=utf-8
      X-UA-Compatible:
      - IE=Edge
      ETag:
      - '"1e11c0b6a848197a2fc399e1a9ebb662"'
      Cache-Control:
      - max-age=0, private, must-revalidate
      X-Request-Id:
      - 70bb580b63c3f1ffcba0287ffd1bfbb5
      X-Runtime:
      - '0.111941'
      Date:
      - Tue, 27 Aug 2013 16:12:40 GMT
      Connection:
      - close
    body:
      encoding: UTF-8
      string: '{"id":"acc-12345","resource_type":"account","url":"https://api.gb1.brightbox.com/1.0/accounts/acc-12345","name":"Avkruvviumpksysor","status":"active","address_1":"Israel
        Flats","address_2":"","city":"Clarkmouth","county":"","postcode":"97088-3817","country_code":"GB","country_name":"United
        Kingdom","vat_registration_number":"","telephone_number":"+445722683970","telephone_verified":false,"verified_telephone":null,"verified_at":null,"verified_ip":null,"created_at":"2013-08-27T15:47:00Z","ram_limit":32768,"ram_used":15360,"cloud_ips_limit":20,"cloud_ips_used":1,"load_balancers_limit":5,"load_balancers_used":0,"valid_credit_card":false,"library_ftp_host":"ftp.library.gb1.brightbox.com","library_ftp_user":"acc-12345","library_ftp_password":null,"clients":[{"id":"cli-12345","resource_type":"api_client","url":"https://api.gb1.brightbox.com/1.0/api_clients/cli-12345","name":null,"description":null,"revoked_at":null}],"images":[],"servers":[{"id":"srv-12345","resource_type":"server","url":"https://api.gb1.brightbox.com/1.0/servers/srv-12345","name":"wow","status":"active","hostname":"srv-12345","fqdn":"srv-12345.gb1.brightbox.com","created_at":"2013-08-27T15:54:24Z","started_at":"2013-08-27T15:54:27Z","deleted_at":null},{"id":"srv-12345","resource_type":"server","url":"https://api.gb1.brightbox.com/1.0/servers/srv-12345","name":"medium
        servers","status":"active","hostname":"srv-12345","fqdn":"srv-12345.gb1.brightbox.com","created_at":"2013-08-27T15:54:26Z","started_at":"2013-08-27T15:54:29Z","deleted_at":null},{"id":"srv-12345","resource_type":"server","url":"https://api.gb1.brightbox.com/1.0/servers/srv-12345","name":"","status":"deleted","hostname":"srv-12345","fqdn":"srv-12345.gb1.brightbox.com","created_at":"2013-08-27T15:54:30Z","started_at":"2013-08-27T15:54:32Z","deleted_at":"2013-08-27T15:54:35Z"},{"id":"srv-12345","resource_type":"server","url":"https://api.gb1.brightbox.com/1.0/servers/srv-12345","name":"rspec_server_shutdown","status":"active","hostname":"srv-12345","fqdn":"srv-12345.gb1.brightbox.com","created_at":"2013-08-27T15:54:36Z","started_at":"2013-08-27T15:54:38Z","deleted_at":null},{"id":"srv-12345","resource_type":"server","url":"https://api.gb1.brightbox.com/1.0/servers/srv-12345","name":"rspec_server_start","status":"active","hostname":"srv-12345","fqdn":"srv-12345.gb1.brightbox.com","created_at":"2013-08-27T15:54:41Z","started_at":"2013-08-27T15:54:47Z","deleted_at":null},{"id":"srv-12345","resource_type":"server","url":"https://api.gb1.brightbox.com/1.0/servers/srv-12345","name":"rspec_server_stop","status":"inactive","hostname":"srv-12345","fqdn":"srv-12345.gb1.brightbox.com","created_at":"2013-08-27T15:54:48Z","started_at":"2013-08-27T15:54:51Z","deleted_at":null},{"id":"srv-12345","resource_type":"server","url":"https://api.gb1.brightbox.com/1.0/servers/srv-12345","name":"","status":"deleted","hostname":"srv-12345","fqdn":"srv-12345.gb1.brightbox.com","created_at":"2013-08-27T15:54:52Z","started_at":"2013-08-27T15:54:55Z","deleted_at":"2013-08-27T15:54:58Z"},{"id":"srv-12345","resource_type":"server","url":"https://api.gb1.brightbox.com/1.0/servers/srv-12345","name":"","status":"deleted","hostname":"srv-12345","fqdn":"srv-12345.gb1.brightbox.com","created_at":"2013-08-27T16:12:22Z","started_at":"2013-08-27T16:12:25Z","deleted_at":"2013-08-27T16:12:27Z"}],"load_balancers":[],"cloud_ips":[{"id":"cip-12345","resource_type":"cloud_ip","url":"https://api.gb1.brightbox.com/1.0/cloud_ips/cip-12345","status":"unmapped","public_ip":"217.16.230.132","reverse_dns":"cip-12345-16-230-132.gb1.brightbox.com","name":null}],"server_groups":[{"id":"grp-12345","resource_type":"server_group","url":"https://api.gb1.brightbox.com/1.0/server_groups/grp-12345","name":"default","description":"All
        new servers are added to this group unless specified otherwise.","created_at":"2013-08-27T15:47:00Z","default":true},{"id":"grp-12345","resource_type":"server_group","url":"https://api.gb1.brightbox.com/1.0/server_groups/grp-12345","name":"test","description":null,"created_at":"2013-08-27T15:54:53Z","default":false},{"id":"grp-12345","resource_type":"server_group","url":"https://api.gb1.brightbox.com/1.0/server_groups/grp-12345","name":"test","description":null,"created_at":"2013-08-27T16:12:22Z","default":false}],"firewall_policies":[{"id":"fwp-12345","resource_type":"firewall_policy","url":"https://api.gb1.brightbox.com/1.0/firewall_policies/fwp-12345","default":true,"name":"default","created_at":"2013-08-27T15:47:00Z","description":"Applied
        to the default server group."},{"id":"fwp-12345","resource_type":"firewall_policy","url":"https://api.gb1.brightbox.com/1.0/firewall_policies/fwp-12345","default":false,"name":"rspec_firewall_policy_apply","created_at":"2013-08-27T15:54:12Z","description":null},{"id":"fwp-12345","resource_type":"firewall_policy","url":"https://api.gb1.brightbox.com/1.0/firewall_policies/fwp-12345","default":false,"name":"rspec_firewall_policy","created_at":"2013-08-27T15:54:13Z","description":null},{"id":"fwp-12345","resource_type":"firewall_policy","url":"https://api.gb1.brightbox.com/1.0/firewall_policies/fwp-12345","default":false,"name":null,"created_at":"2013-08-27T15:54:20Z","description":null},{"id":"fwp-12345","resource_type":"firewall_policy","url":"https://api.gb1.brightbox.com/1.0/firewall_policies/fwp-12345","default":false,"name":null,"created_at":"2013-08-27T15:54:21Z","description":null},{"id":"fwp-12345","resource_type":"firewall_policy","url":"https://api.gb1.brightbox.com/1.0/firewall_policies/fwp-12345","default":false,"name":"rspec_firewall_policy","created_at":"2013-08-27T15:56:46Z","description":null},{"id":"fwp-12345","resource_type":"firewall_policy","url":"https://api.gb1.brightbox.com/1.0/firewall_policies/fwp-12345","default":false,"name":"rspec_firewall_policy","created_at":"2013-08-27T16:06:22Z","description":null}],"owner":{"id":"usr-12345","resource_type":"user","url":"https://api.gb1.brightbox.com/1.0/users/usr-12345","name":"Teresa
        Ullrich","email_address":"jason.null@brightbox.com"},"users":[],"zones":[{"id":"zon-12345","resource_type":"zone","url":"https://api.gb1.brightbox.com/1.0/zones/zon-12345","handle":"gb1-a"},{"id":"zon-12345","resource_type":"zone","url":"https://api.gb1.brightbox.com/1.0/zones/zon-12345","handle":"gb1-b"}]}'
    http_version: 
  recorded_at: Tue, 27 Aug 2013 16:12:40 GMT
- request:
    method: post
    uri: http://api.brightbox.dev/1.0/cloud_ips?account_id=acc-12345
    body:
      encoding: US-ASCII
      string: ''
    headers:
      User-Agent:
      - fog/1.15.0
      Authorization:
      - OAuth 63a4f6dbf53263e7468d3084ae9c50ecdcdf1714
      Content-Type:
      - application/json
  response:
    status:
      code: 201
      message: 
    headers:
      Location:
      - http://api.brightbox.dev/1.0/cloud_ips/cip-bjn8m
      Content-Type:
      - application/json; charset=utf-8
      X-UA-Compatible:
      - IE=Edge
      ETag:
      - '"c637ee34338b9f0c95b6edc8cc442461"'
      Cache-Control:
      - max-age=0, private, must-revalidate
      X-Request-Id:
      - 784770d44eede051fd6a900c8963e3ca
      X-Runtime:
      - '0.408204'
      Date:
      - Tue, 27 Aug 2013 16:12:41 GMT
      Connection:
      - close
    body:
      encoding: UTF-8
      string: '{"id":"cip-12345","resource_type":"cloud_ip","url":"https://api.gb1.brightbox.com/1.0/cloud_ips/cip-12345","status":"unmapped","public_ip":"109.107.39.0","reverse_dns":"cip-12345-107-39-0.gb1.brightbox.com","port_translators":[],"name":null,"account":{"id":"acc-12345","resource_type":"account","url":"https://api.gb1.brightbox.com/1.0/accounts/acc-12345","name":"Avkruvviumpksysor","status":"active"},"interface":null,"server":null,"load_balancer":null,"server_group":null}'
    http_version: 
  recorded_at: Tue, 27 Aug 2013 16:12:41 GMT
- request:
    method: get
    uri: http://api.brightbox.dev/1.0/cloud_ips?account_id=acc-12345
    body:
      encoding: US-ASCII
      string: ''
    headers:
      User-Agent:
      - fog/1.15.0
      Authorization:
      - OAuth 63a4f6dbf53263e7468d3084ae9c50ecdcdf1714
      Content-Type:
      - application/json
  response:
    status:
      code: 200
      message: 
    headers:
      Content-Type:
      - application/json; charset=utf-8
      X-UA-Compatible:
      - IE=Edge
      ETag:
      - '"0d096452dd9bb57bb835c51e3ce3aba1"'
      Cache-Control:
      - max-age=0, private, must-revalidate
      X-Request-Id:
      - 96291a6357122de0f05051f692c9cc93
      X-Runtime:
      - '0.097616'
      Date:
      - Tue, 27 Aug 2013 16:12:41 GMT
      Connection:
      - close
    body:
      encoding: UTF-8
      string: '[{"id":"cip-12345","resource_type":"cloud_ip","url":"https://api.gb1.brightbox.com/1.0/cloud_ips/cip-12345","status":"unmapped","public_ip":"109.107.39.0","reverse_dns":"cip-12345-107-39-0.gb1.brightbox.com","port_translators":[],"name":null,"account":{"id":"acc-12345","resource_type":"account","url":"https://api.gb1.brightbox.com/1.0/accounts/acc-12345","name":"Avkruvviumpksysor","status":"active"},"interface":null,"server":null,"load_balancer":null,"server_group":null},{"id":"cip-12345","resource_type":"cloud_ip","url":"https://api.gb1.brightbox.com/1.0/cloud_ips/cip-12345","status":"unmapped","public_ip":"217.16.230.132","reverse_dns":"cip-12345-16-230-132.gb1.brightbox.com","port_translators":[],"name":null,"account":{"id":"acc-12345","resource_type":"account","url":"https://api.gb1.brightbox.com/1.0/accounts/acc-12345","name":"Avkruvviumpksysor","status":"active"},"interface":null,"server":null,"load_balancer":null,"server_group":null}]'
    http_version: 
  recorded_at: Tue, 27 Aug 2013 16:12:41 GMT
- request:
    method: get
    uri: http://api.brightbox.dev/1.0/cloud_ips/cip-12345?account_id=acc-12345
    body:
      encoding: US-ASCII
      string: ''
    headers:
      User-Agent:
      - fog/1.15.0
      Authorization:
      - OAuth 63a4f6dbf53263e7468d3084ae9c50ecdcdf1714
      Content-Type:
      - application/json
  response:
    status:
      code: 200
      message: 
    headers:
      Content-Type:
      - application/json; charset=utf-8
      X-UA-Compatible:
      - IE=Edge
      ETag:
      - '"c637ee34338b9f0c95b6edc8cc442461"'
      Cache-Control:
      - max-age=0, private, must-revalidate
      X-Request-Id:
      - 35e58bf509c4ae5bd9ec8ba5bd736e8e
      X-Runtime:
      - '0.073103'
      Date:
      - Tue, 27 Aug 2013 16:12:41 GMT
      Connection:
      - close
    body:
      encoding: UTF-8
      string: '{"id":"cip-12345","resource_type":"cloud_ip","url":"https://api.gb1.brightbox.com/1.0/cloud_ips/cip-12345","status":"unmapped","public_ip":"109.107.39.0","reverse_dns":"cip-12345-107-39-0.gb1.brightbox.com","port_translators":[],"name":null,"account":{"id":"acc-12345","resource_type":"account","url":"https://api.gb1.brightbox.com/1.0/accounts/acc-12345","name":"Avkruvviumpksysor","status":"active"},"interface":null,"server":null,"load_balancer":null,"server_group":null}'
    http_version: 
  recorded_at: Tue, 27 Aug 2013 16:12:41 GMT
- request:
    method: delete
    uri: http://api.brightbox.dev/1.0/cloud_ips/cip-12345?account_id=acc-12345
    body:
      encoding: US-ASCII
      string: ''
    headers:
      User-Agent:
      - fog/1.15.0
      Authorization:
      - OAuth 63a4f6dbf53263e7468d3084ae9c50ecdcdf1714
      Content-Type:
      - application/json
  response:
    status:
      code: 200
      message: 
    headers:
      Content-Type:
      - application/json; charset=utf-8
      X-UA-Compatible:
      - IE=Edge
      ETag:
      - '"c637ee34338b9f0c95b6edc8cc442461"'
      Cache-Control:
      - max-age=0, private, must-revalidate
      X-Request-Id:
      - 62dcddfc04e0612c22320bdc81df4fad
      X-Runtime:
      - '0.390385'
      Date:
      - Tue, 27 Aug 2013 16:12:41 GMT
      Connection:
      - close
    body:
      encoding: UTF-8
      string: '{"id":"cip-12345","resource_type":"cloud_ip","url":"https://api.gb1.brightbox.com/1.0/cloud_ips/cip-12345","status":"unmapped","public_ip":"109.107.39.0","reverse_dns":"cip-12345-107-39-0.gb1.brightbox.com","port_translators":[],"name":null,"account":{"id":"acc-12345","resource_type":"account","url":"https://api.gb1.brightbox.com/1.0/accounts/acc-12345","name":"Avkruvviumpksysor","status":"active"},"interface":null,"server":null,"load_balancer":null,"server_group":null}'
    http_version: 
  recorded_at: Tue, 27 Aug 2013 16:12:41 GMT
recorded_with: VCR 2.5.0
